 ** 
*  *
**** ***  ***      *** 
*  * *  * *  *     *  *
*  * ***  ***  r o ***  r i a t e
     *    *        *   
