 ** 
*  *
**** ***  ***      *** 
*  * *  * *  *     *  *
*  * ***  ***  r o ***  r i a t e
     *    *        *   



***                          ***      *** 
*  *                         *  *     *  *
***  o w e r   t o   t h e   ***  e o ***  l e
*                            *        *   
