      1                   1       1 1       1 1 1       1
      1                   1       1 1       1 1 1       1
00000 1 00000 00000 00000 1 00000 1 1 00000 1 1 1 00000 1 00000
      1                   1       1 1       1 1 1       1
      1                   1       1 1       1 1 1       1
