ÄAEOIFICFVPMZRFCMDPLCKBQCPPVAUCÅAIXXJOSGCISUGIMXVRUSEHGIUPPZAVÇAVEEYIYDSHSPEOWSBQAKGGAUUUUKCLÉAWHZUIRZUQSICYKEOYGNZRIYGZWYKUÑBYCEKNHXRXCBTSOGNDIILCCNEMITFRÖCUCNLOOBFOGUKGJHNFKKFOFFPTRRXAÜDGPTRPOCHXZBUPVSFXHXQFQYIPUZIFáDRVGSEOWVQQJEIDSIWNOQIZWERAPQXàECPOENCAJANEATNUMVDCEOJSWULWJEâEGIFAGAJMDQVDNJFPGSLFVMCLLCVFGäEHXFIXVLRUHFWPOQHRUEVEUWBBTMPEãEWRZGCJNIHOVDSLLECBGXNSYSEYPMXåGEJZNDCEDJZBPLJYOHSDRTIMWJTPRIçGGPIJJABGTWJPBPNMVFLXMBHEMZZQZéGKJLQREZRKXPXEUNDCELPUXMLGYYGGèGVMPHVPMSXIYLJRQRDKMUNCUZJBQGCêHDQSYJIFLRCMBPGVTVDGIPIMKLKXXKëHIIJDCFXALNGUFOCYPOWFMJIMZJVAUíHLVEBMWIVOVVSMFBPSUYJZRZOJWXXXìHRHAPSNPZUBNTFFELGCNXFDJIQYUODîJEWETWTMYCBUNAXDPCHFZXJMOLBRESïJNEQOGOYULXYNFYDPWACSHCECPXPJZñNVJCIEPPKEVVXOWKMHNGWSQTXHZEJKóNYQEKKYWPCIXBSVZCUXJSOQCWMXAONòOEPQNOLEVJBIYXOLEGKNAWCDZJTZVHôOGAMZDPPZOFUBOLZRLCUZGMEUDYCOZöOGPWBTYZWEODYQBEPMYEMJMYQIUJGMõOVFXNXZHCSFZNQKPYCUGSGWFEPEMAAúQBKRYXGZRFKEURUYHPRWUQPJHGIBYDùQOAXZRFZYTMOSTCPHUDJSISWRDNJVHûQVJQUKPTEUHVKCVQVGYBLOTYNMDLDCüRSTWBNMXWOLLGMVVKQMWYTMKWCTLBD†SDUCMEBYCZCOJWWBDOMUTPEXKNUSDT°SZKRSJMAEAEPJBZJSIHXUQKARMNACQ¢TOFXUQVVOTELVMCGQGPAGCPJDMFJKS£UPCCAHNQPJFNHKRWQLXLTENOMWNABW§UTOJPSCQFTSOHTCDMBYDSVEOHBEBJY•VERJWANXMUJGHYJXOBTZPMXFSCTJUA¶VLKUDBYGFVKLDRNKSYFDMBVMQJUGPBßVOAVBPTMVPBHXMSZKJJRXKMHWZFFPO®VXPCSMTOHOJICUZQNSIHIVZYFJQBRH©WHCWKLYZXJLGDCIAUUOLCBZEIPNTRT™WTTFFMCXNERFSYPXGMVQAHOUHGWZSX´XDYYRMGKPWGAJOHMFINXFGMYCXOKOK¨XYHYTXZEUXXUBDOPVRLLZAVDEFMFCM≠YJYTHNAICSDBXKELWNYGAIBTVGNZDLÆZGNWTYLQXNXZWOAMVGVEDAWJFPHBYKØZLSHCGPBNKMBATEFKZGJGKSBRHLANT∞ZSBLSNTBQDGZFGVBJDLABZAXKIUVOB±ZYBJNRJITJOVPTHMYLPWFYKOBVKIRT≤aeoificfvpmzrfcmdplckbqcppvauc≥aixxjosgcisugimxvrusehgiuppzav¥aveeyiydshspeowsbqakggauuuukclµawhzuirzuqsicykeoygnzriygzwyku∂byceknhxrxcbtsogndiilccnemitfr∑cucnloobfogukgjhnfkkfoffptrrxa∏dgptrpochxzbupvsfxhxqfqyipuzifπdrvgseowvqqjeidsiwnoqizwerapqx∫ecpoencajaneatnumvdceojswulwjeªegifagajmdqvdnjfpgslfvmcllcvfgºehxfixvlruhfwpoqhrueveuwbbtmpeΩewrzgcjnihovdsllecbgxnsyseypmxægejzndcedjzbpljyohsdrtimwjtpriøggpijjabgtwjpbpnmvflxmbhemzzqz¿gkjlqrezrkxpxeundcelpuxmlgyygg¡gvmphvpmsxiyljrqrdkmuncuzjbqgc¬hdqsyjiflrcmbpgvtvdgipimklkxxk√hiijdcfxalngufocypowfmjimzjvauƒhlvebmwivovvsmfbpsuyjzrzojwxxx≈hrhapsnpzubntffelgcnxfdjiqyuod∆jewetwtmycbunaxdpchfzxjmolbres«jneqogoyulxynfydpwacshcecpxpjz»nvjcieppkevvxowkmhngwsqtxhzejk…nyqekkywpcixbsvzcuxjsoqcwmxaon oepqnolevjbiyxolegknawcdzjtzvhÀogamzdppzofubolzrlcuzgmeudycozÃogpwbtyzweodyqbepmyemjmyqiujgmÕovfxnxzhcsfznqkpycugsgwfepemaaŒqbkryxgzrfkeuruyhprwuqpjhgibydœqoaxzrfzytmostcphudjsiswrdnjvh–qvjqukpteuhvkcvqvgyblotynmdldc—rstwbnmxwollgmvvkqmwytmkwctlbd“sducmebyczcojwwbdomutpexknusdt”szkrsjmaeaepjbzjsihxuqkarmnacq‘tofxuqvvotelvmcgqgpagcpjdmfjks’upccahnqpjfnhkrwqlxltenomwnabw÷utojpscqftsohtcdmbydsveohbebjy◊verjwanxmujghyjxobtzpmxfsctjuaÿvlkudbygfvkldrnksyfdmbvmqjugpbŸvoavbptmvpbhxmszkjjrxkmhwzffpo⁄vxpcsmtohojicuzqnsihivzyfjqbrh€whcwklyzxjlgdciauuolcbzeipntrt‹wttffmcxnerfsypxgmvqahouhgwzsx›xdyyrmgkpwgajohmfinxfgmycxokokﬁxyhytxzeuxxubdopvrllzavdefmfcmﬂyjythnaicsdbxkelwnygaibtvgnzdl‡zgnwtylqxnxzwoamvgvedawjfphbyk·zlshcgpbnkmbatefkzgjgksbrhlant‚zsblsntbqdgzfgvbjdlabzaxkiuvob„zybjnrjitjovpthmylpwfykobvkirt
ﬁ
¨
ﬁ
¨
æ
å
æ
å
π
á
π
á
¿
é
¿
é
¥
Ç
¥
Ç
·
Ø
·
Ø
ª
â
ª
â
√
ë
√
ë
«
ï
«
ï
Ÿ
ß
Ÿ
ß
’
£
’
£
º
ä
º
ä
œ
ù
œ
ù
„
±
„
±
ÿ
¶
ÿ
¶
‘
¢
‘
¢
Ω
ã
Ω
ã
ﬂ
≠
ﬂ
≠
…
ó
…
ó
∏
Ü
∏
Ü
≤
Ä
≤
Ä
¬
ê
¬
ê
⁄
®
⁄
®
À
ô
À
ô
»
ñ
»
ñ
Ã
ö
Ã
ö
 
ò
 
ò
Õ
õ
Õ
õ
”
°
”
°
‹
™
‹
™
∆
î
∆
î
∫
à
∫
à
¡
è
¡
è
›
´
›
´
—
ü
—
ü
–
û
–
û
∑
Ö
∑
Ö
∂
Ñ
∂
Ñ
ø
ç
ø
ç
ƒ
í
ƒ
í
€
©
€
©
µ
É
µ
É
≥
Å
≥
Å
‡
Æ
‡
Æ
◊
•
◊
•
Œ
ú
Œ
ú
≈
ì
≈
ì
“
†
“
†
‚
∞
‚
∞
÷
§
÷
§
