Invalid number of workers provided. The number of workers must be > 0 and <= 20
Exit code is: 1
