Failed to process: not-exising-file
Exit code is: 1
